// Jest Snapshot v1, https://goo.gl/fbAQLP

exports[`renders homepage unchanged 1`] = `
<div>
  <div
    class="container"
  >
    <div
      class="col"
    />
    <div
      class="col"
    >
      <div
        class="row-sm-1 sticky"
      >
        <div
          class="col-sm-12"
        >
          <form
            class="row gy-2 gx-3 align-items-center bg-success p-5 m-5 text-white"
          >
            <div
              class="row justify-content-md-center"
            >
              <div
                class="row"
              >
                <div
                  class="col"
                />
                <div
                  class="col-sm-5"
                >
                  <h3>
                    Search for online/home tutors
                  </h3>
                </div>
                <div
                  class="col"
                />
              </div>
              <div
                class="row"
              >
                <div
                  class="col-sm-2"
                />
                <div
                  class="col-sm-3 m-3"
                >
                  <select
                    class="form-control"
                    id="skill"
                    name="skill"
                  >
                    <option
                      class="text-secondary"
                      value=""
                    >
                      Subject / Skill
                    </option>
                  </select>
                </div>
                <div
                  class="col-sm-3 m-3"
                >
                  <div
                    class="input-group"
                  >
                    <select
                      class="form-control"
                      id="city"
                      name="city"
                    >
                      <option
                        class="text-secondary"
                        value=""
                      >
                        Location
                      </option>
                    </select>
                  </div>
                </div>
                <div
                  class="col-sm-2 m-3"
                >
                  <button
                    class="btn btn-primary"
                    disabled=""
                    type="submit"
                  >
                    Search
                  </button>
                </div>
              </div>
            </div>
          </form>
        </div>
      </div>
      <div
        class="row-sm-12"
      >
        <div
          class="col-sm-12"
        >
          <div
            class="row gy-2 gx-3 align-items-center bg-dark p-5 m-5 text-white"
          />
        </div>
      </div>
      <div
        class="row-sm-10"
      >
        <div
          class="col-sm-12"
        >
          <div
            class="row gy-2 gx-3 align-items-center p-5 m-5 text-white"
          />
        </div>
      </div>
    </div>
    <div
      class="col"
    />
  </div>
</div>
`;
